To honour the JVM settings for this build a single-use Daemon process will be forked. For more on this, please refer to https://docs.gradle.org/8.11.1/userguide/gradle_daemon.html#sec:disabling_the_daemon in the Gradle documentation.
Daemon will be stopped at the end of the build 
> Task :preBuild UP-TO-DATE
> Task :preDebugBuild UP-TO-DATE
> Task :mergeDebugNativeDebugMetadata NO-SOURCE
> Task :checkKotlinGradlePluginConfigurationErrors SKIPPED
> Task :generateDebugResValues
> Task :checkDebugAarMetadata
> Task :mapDebugSourceSetPaths
> Task :generateDebugResources
> Task :packageDebugResources
> Task :mergeDebugResources
> Task :createDebugCompatibleScreenManifests
> Task :extractDeepLinksDebug
> Task :parseDebugLocalResources
> Task :processDebugMainManifest
> Task :processDebugManifest
> Task :javaPreCompileDebug
> Task :mergeDebugShaders
> Task :compileDebugShaders NO-SOURCE
> Task :generateDebugAssets UP-TO-DATE
> Task :mergeDebugAssets
> Task :desugarDebugFileDependencies
> Task :compressDebugAssets
> Task :mergeDebugJniLibFolders
> Task :processDebugManifestForPackage
> Task :checkDebugDuplicateClasses
> Task :processDebugResources
> Task :mergeDebugNativeLibs NO-SOURCE
> Task :stripDebugDebugSymbols NO-SOURCE
> Task :validateSigningDebug
> Task :writeDebugAppMetadata
> Task :mergeLibDexDebug
> Task :writeDebugSigningConfigVersions
> Task :mergeExtDexDebug
> Task :compileDebugKotlin
> Task :compileDebugJavaWithJavac NO-SOURCE
> Task :dexBuilderDebug
> Task :mergeDebugGlobalSynthetics
> Task :processDebugJavaRes
> Task :mergeProjectDexDebug
> Task :mergeDebugJavaResource
> Task :packageDebug
> Task :createDebugApkListingFileRedirect
> Task :assembleDebug
gradle/actions: Writing build results to /home/runner/work/_temp/.gradle-actions/build-results/__run-1791123254446.json

BUILD SUCCESSFUL in 47s
33 actionable tasks: 33 executed
